[INFO] Scanning for projects...
[INFO] 
[INFO] --------------------< com.fitmeai:fitmeai-backend >---------------------
[INFO] Building FitMeAI Backend 1.0.0
[INFO]   from pom.xml
[INFO] --------------------------------[ jar ]---------------------------------
[INFO] 
[INFO] --- resources:3.3.1:resources (default-resources) @ fitmeai-backend ---
[INFO] Copying 1 resource from src\main\resources to target\classes
[INFO] Copying 15 resources from src\main\resources to target\classes
[INFO] 
[INFO] --- compiler:3.11.0:compile (default-compile) @ fitmeai-backend ---
[INFO] Changes detected - recompiling the module! :source
[INFO] Compiling 53 source files with javac [debug release 17] to target\classes
[INFO] Annotation processing is enabled because one or more processors were found
  on the class path. A future release of javac may disable annotation processing
  unless at least one processor is specified by name (-processor), or a search
  path is specified (--processor-path, --processor-module-path), or annotation
  processing is enabled explicitly (-proc:only, -proc:full).
  Use -Xlint:-options to suppress this message.
  Use -proc:none to disable annotation processing.
[INFO] -------------------------------------------------------------
[ERROR] COMPILATION ERROR : 
[INFO] -------------------------------------------------------------
[ERROR] /C:/Users/kawta/OneDrive/Pictures/Documents/git-java-clone/OutfitEra/backEnd/src/main/java/com/fitmeai/service/CartServiceImpl.java:[155,22] cannot find symbol
  symbol:   method setSubTotal(java.math.BigDecimal)
  location: variable orderItem of type com.fitmeai.model.OrderItem
[ERROR] /C:/Users/kawta/OneDrive/Pictures/Documents/git-java-clone/OutfitEra/backEnd/src/main/java/com/fitmeai/service/CartServiceImpl.java:[157,40] cannot find symbol
  symbol:   method getSubTotal()
  location: variable orderItem of type com.fitmeai.model.OrderItem
[INFO] 2 errors 
[INFO] -------------------------------------------------------------
[INFO] ------------------------------------------------------------------------
[INFO] BUILD FAILURE
[INFO] ------------------------------------------------------------------------
[INFO] Total time:  7.367 s
[INFO] Finished at: 2026-03-24T12:20:28+01:00
[INFO] ------------------------------------------------------------------------
[ERROR] Failed to execute goal org.apache.maven.plugins:maven-compiler-plugin:3.11.0:compile (default-compile) on project fitmeai-backend: Compilation failure: Compilation failure: 
[ERROR] /C:/Users/kawta/OneDrive/Pictures/Documents/git-java-clone/OutfitEra/backEnd/src/main/java/com/fitmeai/service/CartServiceImpl.java:[155,22] cannot find symbol
[ERROR]   symbol:   method setSubTotal(java.math.BigDecimal)
[ERROR]   location: variable orderItem of type com.fitmeai.model.OrderItem
[ERROR] /C:/Users/kawta/OneDrive/Pictures/Documents/git-java-clone/OutfitEra/backEnd/src/main/java/com/fitmeai/service/CartServiceImpl.java:[157,40] cannot find symbol
[ERROR]   symbol:   method getSubTotal()
[ERROR]   location: variable orderItem of type com.fitmeai.model.OrderItem
[ERROR] -> [Help 1]
[ERROR] 
[ERROR] To see the full stack trace of the errors, re-run Maven with the -e switch.
[ERROR] Re-run Maven using the -X switch to enable full debug logging.
[ERROR] 
[ERROR] For more information about the errors and possible solutions, please read the following articles:
[ERROR] [Help 1] http://cwiki.apache.org/confluence/display/MAVEN/MojoFailureException
